[
  {
    "type": {
      "address": "0x1",
      "module": "coin",
      "name": "CoinInfo",
      "generic_type_params": [
        "0x1::aptos_coin::AptosCoin"
      ]
    },
    "data": {
      "decimals": "8",
      "name": "Aptos Coin",
      "supply": {
        "vec": []
      },
      "symbol": "APTOS"
    }
  },
  {
    "type": {
      "address": "0x1",
      "module": "guid",
      "name": "Generator",
      "generic_type_params": []
    },
    "data": {
      "counter": "10"
    }
  },
  {
    "type": {
      "address": "0x1",
      "module": "block",
      "name": "BlockMetadata",
      "generic_type_params": []
    },
    "data": {
      "epoch_interval": "86400000000",
      "height": "0",
      "new_block_events": {
        "counter": "1",
        "guid": {
          "id": {
            "addr": "0x1",
            "creation_num": "2"
          }
        }
      }
    }
  },
  {
    "type": {
      "address": "0x1",
      "module": "stake",
      "name": "ValidatorSet",
      "generic_type_params": []
    },
    "data": {
      "active_validators": [
        {
          "addr": "0x66b22b7465af92a9dc8d07d2878716d9dffbbb280830a7d8cf80334b5da812ef",
          "config": {
            "consensus_pubkey": "0xaa7023a1ea88520c0b163c530367dfbfe9269621c96dc9dc9147aca9c278b1340c07b21600b2b5423a2fb88c679b0c5a",
            "fullnode_addresses": "0x012d040000000000052518072022b18b21ecf48f18a1ebb1b8fbe0347af7913e84ad27473669eca6efc8df087a0800",
            "network_addresses": "0x012d040000000000052418072093c5ad141db18cfef10f1452d9019922745c7b8cec22ea40118b9e1a76a756680800",
            "validator_index": "0"
          },
          "voting_power": "1"
        }
      ],
      "consensus_scheme": 0,
      "pending_active": [],
      "pending_inactive": []
    }
  },
  {
    "type": {
      "address": "0x1",
      "module": "stake",
      "name": "ValidatorPerformance",
      "generic_type_params": []
    },
    "data": {
      "validators": [
        {
          "failed_proposals": "0",
          "successful_proposals": "0"
        }
      ]
    }
  },
  {
    "type": {
      "address": "0x1",
      "module": "stake",
      "name": "AptosCoinCapabilities",
      "generic_type_params": []
    },
    "data": {
      "mint_cap": {
        "dummy_field": false
      }
    }
  },
  {
    "type": {
      "address": "0x1",
      "module": "voting",
      "name": "VotingForum",
      "generic_type_params": [
        "0x1::governance_proposal::GovernanceProposal"
      ]
    },
    "data": {
      "events": {
        "create_proposal_events": {
          "counter": "0",
          "guid": {
            "id": {
              "addr": "0x1",
              "creation_num": "3"
            }
          }
        },
        "register_forum_events": {
          "counter": "1",
          "guid": {
            "id": {
              "addr": "0x1",
              "creation_num": "4"
            }
          }
        },
        "resolve_proposal_events": {
          "counter": "0",
          "guid": {
            "id": {
              "addr": "0x1",
              "creation_num": "5"
            }
          }
        },
        "vote_events": {
          "counter": "0",
          "guid": {
            "id": {
              "addr": "0x1",
              "creation_num": "6"
            }
          }
        }
      },
      "next_proposal_id": "0",
      "proposals": {
        "handle": "66250964772389598023276627514581198483"
      }
    }
  },
  {
    "type": {
      "address": "0x1",
      "module": "account",
      "name": "Account",
      "generic_type_params": []
    },
    "data": {
      "authentication_key": "0x0000000000000000000000000000000000000000000000000000000000000001",
      "coin_register_events": {
        "counter": "0",
        "guid": {
          "id": {
            "addr": "0x1",
            "creation_num": "0"
          }
        }
      },
      "sequence_number": "0"
    }
  },
  {
    "type": {
      "address": "0x1",
      "module": "account",
      "name": "ChainSpecificAccountInfo",
      "generic_type_params": []
    },
    "data": {
      "module_addr": "0x1",
      "module_name": "0x6163636f756e74",
      "module_prologue_name": "0x6d6f64756c655f70726f6c6f677565",
      "multi_agent_prologue_name": "0x6d756c74695f6167656e745f7363726970745f70726f6c6f677565",
      "script_prologue_name": "0x7363726970745f70726f6c6f677565",
      "user_epilogue_name": "0x6570696c6f677565",
      "writeset_epilogue_name": "0x77726974657365745f6570696c6f677565",
      "writeset_prologue_name": "0x77726974657365745f70726f6c6f677565"
    }
  },
  {
    "type": {
      "address": "0x1",
      "module": "version",
      "name": "Version",
      "generic_type_params": []
    },
    "data": {
      "major": "4"
    }
  },
  {
    "type": {
      "address": "0x1",
      "module": "chain_id",
      "name": "ChainId",
      "generic_type_params": []
    },
    "data": {
      "id": 4
    }
  },
  {
    "type": {
      "address": "0x1",
      "module": "timestamp",
      "name": "CurrentTimeMicroseconds",
      "generic_type_params": []
    },
    "data": {
      "microseconds": "0"
    }
  },
  {
    "type": {
      "address": "0x1",
      "module": "aptos_coin",
      "name": "Capabilities",
      "generic_type_params": []
    },
    "data": {
      "mint_cap": {
        "dummy_field": false
      }
    }
  },
  {
    "type": {
      "address": "0x1",
      "module": "gas_schedule",
      "name": "GasSchedule",
      "generic_type_params": []
    },
    "data": {
      "entries": [
        {
          "key": "instr.nop",
          "val": "1"
        },
        {
          "key": "instr.ret",
          "val": "1"
        },
        {
          "key": "instr.abort",
          "val": "1"
        },
        {
          "key": "instr.br_true",
          "val": "1"
        },
        {
          "key": "instr.br_false",
          "val": "1"
        },
        {
          "key": "instr.branch",
          "val": "1"
        },
        {
          "key": "instr.pop",
          "val": "1"
        },
        {
          "key": "instr.ld_u8",
          "val": "1"
        },
        {
          "key": "instr.ld_u64",
          "val": "1"
        },
        {
          "key": "instr.ld_u128",
          "val": "1"
        },
        {
          "key": "instr.ld_true",
          "val": "1"
        },
        {
          "key": "instr.ld_false",
          "val": "1"
        },
        {
          "key": "instr.ld_const.base",
          "val": "1"
        },
        {
          "key": "instr.ld_const.unit",
          "val": "1"
        },
        {
          "key": "instr.imm_borrow_loc",
          "val": "1"
        },
        {
          "key": "instr.mut_borrow_loc",
          "val": "1"
        },
        {
          "key": "instr.imm_borrow_field",
          "val": "1"
        },
        {
          "key": "instr.mut_borrow_field",
          "val": "1"
        },
        {
          "key": "instr.imm_borrow_field_generic",
          "val": "1"
        },
        {
          "key": "instr.mut_borrow_field_generic",
          "val": "1"
        },
        {
          "key": "instr.copy_loc.base",
          "val": "1"
        },
        {
          "key": "instr.copy_loc.unit",
          "val": "1"
        },
        {
          "key": "instr.move_loc.base",
          "val": "1"
        },
        {
          "key": "instr.move_loc.unit",
          "val": "1"
        },
        {
          "key": "instr.st_loc.base",
          "val": "1"
        },
        {
          "key": "instr.st_loc.unit",
          "val": "1"
        },
        {
          "key": "instr.call.base",
          "val": "1"
        },
        {
          "key": "instr.call.unit",
          "val": "1"
        },
        {
          "key": "instr.call_generic.base",
          "val": "1"
        },
        {
          "key": "instr.call_generic.unit",
          "val": "1"
        },
        {
          "key": "instr.pack.base",
          "val": "1"
        },
        {
          "key": "instr.pack.unit",
          "val": "1"
        },
        {
          "key": "instr.pack_generic.base",
          "val": "1"
        },
        {
          "key": "instr.pack_generic.unit",
          "val": "1"
        },
        {
          "key": "instr.unpack.base",
          "val": "1"
        },
        {
          "key": "instr.unpack.unit",
          "val": "1"
        },
        {
          "key": "instr.unpack_generic.base",
          "val": "1"
        },
        {
          "key": "instr.unpack_generic.unit",
          "val": "1"
        },
        {
          "key": "instr.read_ref.base",
          "val": "1"
        },
        {
          "key": "instr.read_ref.unit",
          "val": "1"
        },
        {
          "key": "instr.write_ref.base",
          "val": "1"
        },
        {
          "key": "instr.write_ref.unit",
          "val": "1"
        },
        {
          "key": "instr.freeze_ref",
          "val": "1"
        },
        {
          "key": "instr.cast_u8",
          "val": "1"
        },
        {
          "key": "instr.cast_u64",
          "val": "1"
        },
        {
          "key": "instr.cast_u128",
          "val": "1"
        },
        {
          "key": "instr.add",
          "val": "1"
        },
        {
          "key": "instr.sub",
          "val": "1"
        },
        {
          "key": "instr.mul",
          "val": "1"
        },
        {
          "key": "instr.mod",
          "val": "1"
        },
        {
          "key": "instr.div",
          "val": "1"
        },
        {
          "key": "instr.bit_or",
          "val": "1"
        },
        {
          "key": "instr.bit_and",
          "val": "1"
        },
        {
          "key": "instr.bit_xor",
          "val": "1"
        },
        {
          "key": "instr.bit_shl",
          "val": "1"
        },
        {
          "key": "instr.bit_shr",
          "val": "1"
        },
        {
          "key": "instr.or",
          "val": "1"
        },
        {
          "key": "instr.and",
          "val": "1"
        },
        {
          "key": "instr.not",
          "val": "1"
        },
        {
          "key": "instr.lt",
          "val": "1"
        },
        {
          "key": "instr.gt",
          "val": "1"
        },
        {
          "key": "instr.le",
          "val": "1"
        },
        {
          "key": "instr.ge",
          "val": "1"
        },
        {
          "key": "instr.eq.base",
          "val": "1"
        },
        {
          "key": "instr.eq.unit",
          "val": "1"
        },
        {
          "key": "instr.neq.base",
          "val": "1"
        },
        {
          "key": "instr.neq.unit",
          "val": "1"
        },
        {
          "key": "instr.imm_borrow_global.base",
          "val": "10"
        },
        {
          "key": "instr.imm_borrow_global.unit",
          "val": "10"
        },
        {
          "key": "instr.imm_borrow_global_generic.base",
          "val": "10"
        },
        {
          "key": "instr.imm_borrow_global_generic.unit",
          "val": "10"
        },
        {
          "key": "instr.mut_borrow_global.base",
          "val": "100"
        },
        {
          "key": "instr.mut_borrow_global.unit",
          "val": "100"
        },
        {
          "key": "instr.mut_borrow_global_generic.base",
          "val": "100"
        },
        {
          "key": "instr.mut_borrow_global_generic.unit",
          "val": "100"
        },
        {
          "key": "instr.exists.base",
          "val": "10"
        },
        {
          "key": "instr.exists.unit",
          "val": "10"
        },
        {
          "key": "instr.exists_generic.base",
          "val": "10"
        },
        {
          "key": "instr.exists_generic.unit",
          "val": "10"
        },
        {
          "key": "instr.move_from.base",
          "val": "100"
        },
        {
          "key": "instr.move_from.unit",
          "val": "100"
        },
        {
          "key": "instr.move_from_generic.base",
          "val": "100"
        },
        {
          "key": "instr.move_from_generic.unit",
          "val": "100"
        },
        {
          "key": "instr.move_to.base",
          "val": "100"
        },
        {
          "key": "instr.move_to.unit",
          "val": "100"
        },
        {
          "key": "instr.move_to_generic.base",
          "val": "100"
        },
        {
          "key": "instr.move_to_generic.unit",
          "val": "100"
        },
        {
          "key": "instr.vec_len",
          "val": "1"
        },
        {
          "key": "instr.vec_imm_borrow",
          "val": "1"
        },
        {
          "key": "instr.vec_mut_borrow",
          "val": "1"
        },
        {
          "key": "instr.vec_push_back",
          "val": "1"
        },
        {
          "key": "instr.vec_pop_back",
          "val": "1"
        },
        {
          "key": "instr.vec_swap",
          "val": "1"
        },
        {
          "key": "instr.vec_pack.base",
          "val": "1"
        },
        {
          "key": "instr.vec_pack.unit",
          "val": "1"
        },
        {
          "key": "instr.vec_unpack.base",
          "val": "1"
        },
        {
          "key": "instr.vec_unpack.unit",
          "val": "1"
        },
        {
          "key": "txn.min_transaction_gas_units",
          "val": "600"
        },
        {
          "key": "txn.large_transaction_cutoff",
          "val": "600"
        },
        {
          "key": "txn.intrinsic_gas_per_byte",
          "val": "8"
        },
        {
          "key": "txn.maximum_number_of_gas_units",
          "val": "4000000"
        },
        {
          "key": "txn.min_price_per_gas_unit",
          "val": "0"
        },
        {
          "key": "txn.max_price_per_gas_unit",
          "val": "10000"
        },
        {
          "key": "txn.max_transaction_size_in_bytes",
          "val": "8192"
        },
        {
          "key": "txn.gas_unit_scaling_factor",
          "val": "1000"
        },
        {
          "key": "move_stdlib.bcs.to_bytes.input_unit",
          "val": "1"
        },
        {
          "key": "move_stdlib.bcs.to_bytes.output_unit",
          "val": "0"
        },
        {
          "key": "move_stdlib.bcs.to_bytes.failure",
          "val": "10"
        },
        {
          "key": "move_stdlib.hash.sha2_256.base",
          "val": "1"
        },
        {
          "key": "move_stdlib.hash.sha2_256.unit",
          "val": "1"
        },
        {
          "key": "move_stdlib.hash.sha3_256.base",
          "val": "1"
        },
        {
          "key": "move_stdlib.hash.sha3_256.unit",
          "val": "1"
        },
        {
          "key": "move_stdlib.signer.borrow_address.base",
          "val": "1"
        },
        {
          "key": "move_stdlib.string.check_utf8.base",
          "val": "1"
        },
        {
          "key": "move_stdlib.string.check_utf8.unit",
          "val": "1"
        },
        {
          "key": "move_stdlib.string.is_char_boundary.base",
          "val": "1"
        },
        {
          "key": "move_stdlib.string.sub_string.base",
          "val": "1"
        },
        {
          "key": "move_stdlib.string.sub_string.unit",
          "val": "1"
        },
        {
          "key": "move_stdlib.string.index_of.base",
          "val": "1"
        },
        {
          "key": "move_stdlib.string.index_of.unit",
          "val": "1"
        },
        {
          "key": "move_stdlib.unit_test.create_signers_for_testing.base",
          "val": "1"
        },
        {
          "key": "move_stdlib.unit_test.create_signers_for_testing.unit",
          "val": "1"
        },
        {
          "key": "aptos_framework.account.create_address.base",
          "val": "1"
        },
        {
          "key": "aptos_framework.account.create_signer.base",
          "val": "1"
        },
        {
          "key": "aptos_framework.signature.bls12381_validate_pubkey.base",
          "val": "1"
        },
        {
          "key": "aptos_framework.signature.ed25519_validate_pubkey.base",
          "val": "1"
        },
        {
          "key": "aptos_framework.signature.ed25519_verify.base",
          "val": "1"
        },
        {
          "key": "aptos_framework.signature.ed25519_verify.unit",
          "val": "1"
        },
        {
          "key": "aptos_framework.signature.secp256k1_ecdsa_recover.base",
          "val": "1"
        },
        {
          "key": "aptos_framework.signature.bls12381_verify_signature.base",
          "val": "1"
        },
        {
          "key": "aptos_framework.signature.bls12381_verify_signature.unit",
          "val": "1"
        },
        {
          "key": "aptos_framework.signature.bls12381_aggregate_pop_verified_pubkeys.base",
          "val": "1"
        },
        {
          "key": "aptos_framework.signature.bls12381_aggregate_pop_verified_pubkeys.per_pubkey",
          "val": "1"
        },
        {
          "key": "aptos_framework.signature.bls12381_verify_proof_of_possession.base",
          "val": "1"
        },
        {
          "key": "aptos_framework.hash.sip_hash.base",
          "val": "1"
        },
        {
          "key": "aptos_framework.hash.sip_hash.unit",
          "val": "1"
        },
        {
          "key": "aptos_framework.type_info.type_of.base",
          "val": "1"
        },
        {
          "key": "aptos_framework.type_info.type_of.unit",
          "val": "1"
        },
        {
          "key": "aptos_framework.type_info.type_name.base",
          "val": "1"
        },
        {
          "key": "aptos_framework.type_info.type_name.unit",
          "val": "1"
        },
        {
          "key": "aptos_framework.util.from_bytes.base",
          "val": "1"
        },
        {
          "key": "aptos_framework.util.from_bytes.unit",
          "val": "1"
        },
        {
          "key": "aptos_framework.transaction_context.get_script_hash.base",
          "val": "1"
        },
        {
          "key": "aptos_framework.code.request_publish.base",
          "val": "1"
        },
        {
          "key": "aptos_framework.code.request_publish.unit",
          "val": "1"
        },
        {
          "key": "aptos_framework.event.write_to_event_store.unit",
          "val": "1"
        }
      ]
    }
  },
  {
    "type": {
      "address": "0x1",
      "module": "staking_config",
      "name": "StakingConfig",
      "generic_type_params": []
    },
    "data": {
      "allow_validator_set_change": false,
      "maximum_stake": "18446744073709551615",
      "minimum_stake": "0",
      "recurring_lockup_duration_secs": "86400",
      "rewards_rate": "273972",
      "rewards_rate_denominator": "1000000000"
    }
  },
  {
    "type": {
      "address": "0x1",
      "module": "reconfiguration",
      "name": "Configuration",
      "generic_type_params": []
    },
    "data": {
      "epoch": "1",
      "events": {
        "counter": "1",
        "guid": {
          "id": {
            "addr": "0x1",
            "creation_num": "1"
          }
        }
      },
      "last_reconfiguration_time": "0"
    }
  },
  {
    "type": {
      "address": "0x1",
      "module": "transaction_fee",
      "name": "AptosCoinCapabilities",
      "generic_type_params": []
    },
    "data": {
      "burn_cap": {
        "dummy_field": false
      }
    }
  },
  {
    "type": {
      "address": "0x1",
      "module": "aptos_governance",
      "name": "VotingRecords",
      "generic_type_params": []
    },
    "data": {
      "votes": {
        "handle": "250572580766766989648150312918132283230"
      }
    }
  },
  {
    "type": {
      "address": "0x1",
      "module": "aptos_governance",
      "name": "GovernanceConfig",
      "generic_type_params": []
    },
    "data": {
      "min_voting_threshold": "0",
      "required_proposer_stake": "0",
      "voting_period_secs": "604800"
    }
  },
  {
    "type": {
      "address": "0x1",
      "module": "aptos_governance",
      "name": "GovernanceEvents",
      "generic_type_params": []
    },
    "data": {
      "create_proposal_events": {
        "counter": "0",
        "guid": {
          "id": {
            "addr": "0x1",
            "creation_num": "7"
          }
        }
      },
      "update_config_events": {
        "counter": "0",
        "guid": {
          "id": {
            "addr": "0x1",
            "creation_num": "8"
          }
        }
      },
      "vote_events": {
        "counter": "0",
        "guid": {
          "id": {
            "addr": "0x1",
            "creation_num": "9"
          }
        }
      }
    }
  },
  {
    "type": {
      "address": "0x1",
      "module": "aptos_governance",
      "name": "GovernanceResponsbility",
      "generic_type_params": []
    },
    "data": {
      "signer_cap": {
        "account": "0x1"
      }
    }
  },
  {
    "type": {
      "address": "0x1",
      "module": "consensus_config",
      "name": "ConsensusConfig",
      "generic_type_params": []
    },
    "data": {
      "config": "0x00010a0000000000000014000000000000000201e8030000000000000a0000000000000001000000000000000a0000000a000000000000000100000000000000010a00000000000000"
    }
  }
]
