[
  {
    "version": "1",
    "hash": "",
    "state_root_hash": "",
    "event_root_hash": "",
    "gas_used": "0",
    "success": true,
    "vm_status": "Executed successfully",
    "accumulator_root_hash": "",
    "changes": [
      {
        "address": "0x1",
        "state_key_hash": "",
        "data": {
          "type": {
            "address": "0x1",
            "module": "block",
            "name": "BlockMetadata",
            "generic_type_params": []
          },
          "data": {
            "epoch_interval": "86400000000",
            "height": "1",
            "new_block_events": {
              "counter": "2",
              "guid": {
                "id": {
                  "addr": "0x1",
                  "creation_num": "2"
                }
              }
            }
          }
        },
        "type": "write_resource"
      },
      {
        "address": "0x1",
        "state_key_hash": "",
        "data": {
          "type": {
            "address": "0x1",
            "module": "stake",
            "name": "ValidatorPerformance",
            "generic_type_params": []
          },
          "data": {
            "validators": [
              {
                "failed_proposals": "0",
                "successful_proposals": "1"
              }
            ]
          }
        },
        "type": "write_resource"
      },
      {
        "address": "0x1",
        "state_key_hash": "",
        "data": {
          "type": {
            "address": "0x1",
            "module": "timestamp",
            "name": "CurrentTimeMicroseconds",
            "generic_type_params": []
          },
          "data": {
            "microseconds": "1"
          }
        },
        "type": "write_resource"
      }
    ],
    "id": "0x4e9016838657edfae09cb9a71eb219025c4c87a67c4aaa86f20ac0aa792bc121",
    "epoch": "0",
    "round": "1",
    "events": [
      {
        "key": "0x02000000000000000000000000000000000000000000000000000000000000000000000000000001",
        "sequence_number": "1",
        "type": "0x1::block::NewBlockEvent",
        "data": {
          "epoch": "0",
          "failed_proposer_indices": [],
          "height": "1",
          "previous_block_votes": [
            false
          ],
          "proposer": "0x66b22b7465af92a9dc8d07d2878716d9dffbbb280830a7d8cf80334b5da812ef",
          "round": "1",
          "time_microseconds": "1"
        }
      }
    ],
    "previous_block_votes": [
      false
    ],
    "proposer": "0x66b22b7465af92a9dc8d07d2878716d9dffbbb280830a7d8cf80334b5da812ef",
    "failed_proposer_indices": [],
    "timestamp": "1",
    "type": "block_metadata_transaction"
  },
  {
    "version": "2",
    "hash": "",
    "state_root_hash": "",
    "event_root_hash": "",
    "gas_used": "41112",
    "success": true,
    "vm_status": "Executed successfully",
    "accumulator_root_hash": "",
    "changes": [
      {
        "address": "0xa550c18",
        "state_key_hash": "",
        "data": {
          "type": {
            "address": "0x1",
            "module": "account",
            "name": "Account",
            "generic_type_params": []
          },
          "data": {
            "authentication_key": "0xcef8ffd1ab9017e96132df8a56b22de39a8155e1c3fc32affbbf93eb624b532a",
            "coin_register_events": {
              "counter": "0",
              "guid": {
                "id": {
                  "addr": "0xa550c18",
                  "creation_num": "0"
                }
              }
            },
            "sequence_number": "1"
          }
        },
        "type": "write_resource"
      },
      {
        "address": "0x34bf7e2d17674feb234371a7ea58efd715f0e56ba20ebf13789480d9d643afaf",
        "state_key_hash": "",
        "data": {
          "type": {
            "address": "0x1",
            "module": "account",
            "name": "Account",
            "generic_type_params": []
          },
          "data": {
            "authentication_key": "0x34bf7e2d17674feb234371a7ea58efd715f0e56ba20ebf13789480d9d643afaf",
            "coin_register_events": {
              "counter": "1",
              "guid": {
                "id": {
                  "addr": "0x34bf7e2d17674feb234371a7ea58efd715f0e56ba20ebf13789480d9d643afaf",
                  "creation_num": "0"
                }
              }
            },
            "sequence_number": "0"
          }
        },
        "type": "write_resource"
      },
      {
        "address": "0x34bf7e2d17674feb234371a7ea58efd715f0e56ba20ebf13789480d9d643afaf",
        "state_key_hash": "",
        "data": {
          "type": {
            "address": "0x1",
            "module": "coin",
            "name": "CoinStore",
            "generic_type_params": [
              "0x1::aptos_coin::AptosCoin"
            ]
          },
          "data": {
            "coin": {
              "value": "0"
            },
            "deposit_events": {
              "counter": "0",
              "guid": {
                "id": {
                  "addr": "0x34bf7e2d17674feb234371a7ea58efd715f0e56ba20ebf13789480d9d643afaf",
                  "creation_num": "1"
                }
              }
            },
            "withdraw_events": {
              "counter": "0",
              "guid": {
                "id": {
                  "addr": "0x34bf7e2d17674feb234371a7ea58efd715f0e56ba20ebf13789480d9d643afaf",
                  "creation_num": "2"
                }
              }
            }
          }
        },
        "type": "write_resource"
      },
      {
        "address": "0x34bf7e2d17674feb234371a7ea58efd715f0e56ba20ebf13789480d9d643afaf",
        "state_key_hash": "",
        "data": {
          "type": {
            "address": "0x1",
            "module": "guid",
            "name": "Generator",
            "generic_type_params": []
          },
          "data": {
            "counter": "3"
          }
        },
        "type": "write_resource"
      }
    ],
    "sender": "0xa550c18",
    "sequence_number": "0",
    "max_gas_amount": "4000000",
    "gas_unit_price": "0",
    "expiration_timestamp_secs": "18446744073709551615",
    "payload": {
      "function": {
        "module": {
          "address": "0x1",
          "name": "account"
        },
        "name": "create_account"
      },
      "type_arguments": [],
      "arguments": [
        "0x34bf7e2d17674feb234371a7ea58efd715f0e56ba20ebf13789480d9d643afaf"
      ],
      "type": "script_function_payload"
    },
    "signature": {
      "public_key": "0x14418f867a0bd6d42abb2daa50cd68a5a869ce208282481f57504f630510d0d3",
      "signature": "0x04f1d9fc30e4a767eaae37430f83bf99999f57c589677e4bacce6f1cba3b2d4be49e534bd5ab0c50766a53c529a8ed986045aee884bd3767d61eeedebb79e803",
      "type": "ed_25519_signature"
    },
    "events": [
      {
        "key": "0x000000000000000034bf7e2d17674feb234371a7ea58efd715f0e56ba20ebf13789480d9d643afaf",
        "sequence_number": "0",
        "type": "0x1::account::CoinRegisterEvent",
        "data": {
          "type_info": {
            "account_address": "0x1",
            "module_name": "0x6170746f735f636f696e",
            "struct_name": "0x4170746f73436f696e"
          }
        }
      }
    ],
    "timestamp": "1",
    "type": "user_transaction"
  },
  {
    "version": "3",
    "hash": "",
    "state_root_hash": "",
    "event_root_hash": "",
    "gas_used": "0",
    "success": true,
    "vm_status": "Executed successfully",
    "accumulator_root_hash": "",
    "changes": [],
    "timestamp": "1",
    "type": "state_checkpoint_transaction"
  }
]
